// Vitest Snapshot v1

exports[`App > matching the snapshot 1`] = `<App />`;
